
> @myalongside/web@0.1.0 build
> next build

node.exe :  ΓÜá Warning: Next.js inferred your workspace root, but it may not 
be correct.
At line:1 char:1
+ & "C:\Program Files\nodejs/node.exe" "C:\Program Files\nodejs/node_mo ...
+ ~~~~~~~~~~~~~~~~~~~~~~~~~~~~~~~~~~~~~~~~~~~~~~~~~~~~~~~~~~~~~~~~~~~~~
    + CategoryInfo          : NotSpecified: ( ΓÜá Warning: N...not be correct. 
   :String) [], RemoteException
    + FullyQualifiedErrorId : NativeCommandError
 
 We detected multiple lockfiles and selected the directory of 
C:\Users\Emmasoft\Desktop\package-lock.json as the root directory.
 To silence this warning, set `outputFileTracingRoot` in your Next.js config, 
or consider removing one of the lockfiles if it's not needed.
   See 
https://nextjs.org/docs/app/api-reference/config/next-config-js/output#caveats 
for more information.
 Detected additional lockfiles: 
   * C:\Users\Emmasoft\Desktop\MyAlongSide\package-lock.json

   Γû▓ Next.js 15.5.18

   Creating an optimized production build ...
 Γ£ô Compiled successfully in 15.2s
   Skipping linting
   Checking validity of types ...
Failed to compile.

./src/app/settings/page.tsx:167:11
Type error: Type 'SeekerSettingsState' is not assignable to type '{ [key: 
string]: unknown; introVisibility?: "matched-only" | "all-verified-mentors" | 
undefined; allowMentorSuggestions?: boolean | undefined; weeklyDigest?: 
boolean | undefined; crisisCheckins?: boolean | undefined; }'.
  Index signature for type 'string' is missing in type 'SeekerSettingsState'.

[0m [90m 165 |[39m         settings[33m:[39m {
 [90m 166 |[39m           general[33m:[39m generalSettings[33m,[39m
[31m[1m>[22m[39m[90m 167 |[39m           seeker[33m:[39m 
seekerSettings[33m,[39m
 [90m     |[39m           [31m[1m^[22m[39m
 [90m 168 |[39m           mentor[33m:[39m mentorSettings[33m,[39m
 [90m 169 |[39m         }[33m,[39m
 [90m 170 |[39m       })[33m;[39m[0m
Next.js build worker exited with code: 1 and signal: null
npm error Lifecycle script `build` failed with error:
npm error code 1
npm error path C:\Users\Emmasoft\Desktop\MyAlongSide\apps\web
npm error workspace @myalongside/web@0.1.0
npm error location C:\Users\Emmasoft\Desktop\MyAlongSide\apps\web
npm error command failed
npm error command C:\WINDOWS\system32\cmd.exe /d /s /c next build
